currycarbon v0.4.0.0 (UTF-8)
Method: Bchron {distribution = StudentTDist {ndf = 100.0}}
Curve: IntCal20
Calibrating...
<!> Error: Invalid CalPDF for refinement, either because all densities are 0 or one density is > 1
Done.
currycarbon v0.4.0.0 (UTF-8)
Method: Bchron {distribution = StudentTDist {ndf = 100.0}}
Curve: IntCal20
Calibrating...
<!> Error: Invalid CalPDF for refinement, either because all densities are 0 or one density is > 1
<!> Error: Can not create --hdrFile
Done.
currycarbon v0.4.0.0 (UTF-8)
Method: Bchron {distribution = StudentTDist {ndf = 100.0}}
Curve: IntCal20
Calibrating...
<!> Error: Invalid CalPDF for refinement, either because all densities are 0 or one density is > 1
<!> Error: Invalid CalPDF for random age sampling, either because all densities are 0 or one density is > 1
<!> Error: Can not create --samplesFile
Done.
currycarbon v0.4.0.0 (UTF-8)
Method: Bchron {distribution = StudentTDist {ndf = 100.0}}
Curve: IntCal20
Calibrating...
<!> Error: Invalid CalPDF for refinement, either because all densities are 0 or one density is > 1
<!> Error: Can not create --hdrFile
<!> Error: Invalid CalPDF for random age sampling, either because all densities are 0 or one density is > 1
<!> Error: Can not create --samplesFile
Done.
currycarbon v0.4.0.0 (UTF-8)
Method: Bchron {distribution = StudentTDist {ndf = 100.0}}
Curve: IntCal20
Calibrating...
<!> Error: Invalid CalPDF for refinement, either because all densities are 0 or one density is > 1
Done.
CalEXPR: [1] (1p:3200±30BP * 1P:3000BP-2800BP)
CalEXPR: [1] (1p:3200±30BP * 1P:3000BP-2800BP)
CalEXPR: [1] (1p:3200±30BP * 1P:3000BP-2800BP)
CalEXPR: [1] (1p:3200±30BP * 1P:3000BP-2800BP)
CalEXPR: [1] (1p:3200±30BP * 1P:3000BP-2800BP)
