currycarbon v0.3.0.1 (UTF-8)
Method: Bchron {distribution = StudentTDist {ndf = 100.0}}
Curve: IntCal20
Calibrating...
Done.
CalEXPR: [1] 1:3000±30BP
Calibrated: 1379BC >> 1364BC > 1238BC < 1131BC << 1124BC
1-sigma: 1364-1360BC, 1282-1197BC, 1169-1163BC, 1140-1131BC
2-sigma: 1379-1344BC, 1304-1124BC
                              ▁▁▁▁▁▁                             
                             ▁▒▒▒▒▒▒▁                            
                            ▁▒▒▒▒▒▒▒▒▁                           
               ▁          ▁▁▒▒▒▒▒▒▒▒▒▒▁    ▁   ▁▁                
              ▁▒▁       ▁▁▒▒▒▒▒▒▒▒▒▒▒▒▒▁▁▁▁▒▁  ▒▒                
            ▁▁▒▒▒▁▁    ▁▒▒▒▒▒▒▒▒▒▒▒▒▒▒▒▒▒▒▒▒▒▁▁▒▒▁               
        ▁▁▁▁▒▒▒▒▒▒▒▁▁▁▁▒▒▒▒▒▒▒▒▒▒▒▒▒▒▒▒▒▒▒▒▒▒▒▒▒▒▒▁▁▁▁▁▁▁▁▁▁▁▁▁▁▁
 -1410 ┄──┬─────────────┬─────────────┬─────────────┬────────────┄ -1020
             > >                 ^              <<               
               ─          ──────────────   ─   ──                
             ──────    ───────────────────────────               
