currycarbon v0.4.0.2 (UTF-8)
Method: Bchron {distribution = StudentTDist {ndf = 100.0}}
Curve: IntCal20
Calibrating...
Done.
CalEXPR: [1] (1p:3200±30BP * 1P:3000BP-2800BP)
Calibrated: 1049BC >> 1049BC > 1025BC < 1019BC << 1017BC
1-sigma: 1049-1048BC, 1026-1019BC
2-sigma: 1049-1036BC, 1033-1033BC, 1029-1017BC


                      ▁                                          
                      ▒▁                                         
                     ▁▒▒                                         
         ▁           ▒▒▒▁                                        
         ▒          ▁▒▒▒▒                                        
         ▒▁▁▁▁▁▁  ▁▁▒▒▒▒▒▁                                       
         ▒▒▒▒▒▒▒▁▁▒▒▒▒▒▒▒▒▁▁▁▁▁▁▁▁▁▁▁▁▁▁▁▁▁▁▁▁▁▁▁▁▁▁▁▁▁▁▁▁▁▁▁▁▁▁▁
 -1050 ┄────────────────────────┬───────────────────────────────┄ -940
    BC   >           ^  <<                                        BC
         ─          ─────                                        
         ─────── ─ ───────                                       
