id	hdrSigmaLevel	hdrStartYearBCAD	hdrStopYearBCAD
1	1	-1364	-1360
1	1	-1282	-1197
1	1	-1169	-1163
1	1	-1140	-1131
1	2	-1379	-1344
1	2	-1304	-1124